// Jest Snapshot v1, https://goo.gl/fbAQLP

exports[`StartGameHistorical should render correctly 1`] = `
<DocumentFragment>
  <div
    class="start"
    data-testid="start"
  >
    Started by: You
  </div>
</DocumentFragment>
`;
