// Jest Snapshot v1, https://goo.gl/fbAQLP

exports[`StartGame should render correctly 1`] = `
<DocumentFragment>
  <div>
    Start Game
  </div>
</DocumentFragment>
`;
