// Jest Snapshot v1, https://goo.gl/fbAQLP

exports[`CategoryHistorical should render correctly 1`] = `
<DocumentFragment>
  <div
    class="categories"
    data-testid="categories"
  >
    Category: Soccer players
  </div>
</DocumentFragment>
`;
