// Jest Snapshot v1, https://goo.gl/fbAQLP

exports[`GamesHistorical should render correctly 1`] = `
<DocumentFragment>
  <div
    class="info"
  >
    Fetching games...
  </div>
</DocumentFragment>
`;
