// Jest Snapshot v1, https://goo.gl/fbAQLP

exports[`PlayingLevelHistorical should render correctly 1`] = `
<DocumentFragment>
  <div
    class="level"
    data-testid="level"
  >
    <div>
      Playing Level: Easy
    </div>
  </div>
</DocumentFragment>
`;
