// Jest Snapshot v1, https://goo.gl/fbAQLP

exports[`PlayingLevel should render correctly 1`] = `
<DocumentFragment>
  <div>
    Computer Playing Level
  </div>
</DocumentFragment>
`;
