// Jest Snapshot v1, https://goo.gl/fbAQLP

exports[`GameHistorical should render correctly 1`] = `
<DocumentFragment>
  <div
    class="info"
  >
    Fetching game...
  </div>
</DocumentFragment>
`;
