// Jest Snapshot v1, https://goo.gl/fbAQLP

exports[`About should render correctly 1`] = `
<DocumentFragment>
  <div
    class="about"
    data-testid="about"
  >
    <div>
      <span>
        This game has been developed with:
      </span>
      <ul>
        <li>
          <a
            href="https://nodejs.org"
            rel="noopener noreferrer"
            target="_blank"
          >
            Node.js
          </a>
        </li>
        <li>
          <a
            href="https://expressjs.com/"
            rel="noopener noreferrer"
            target="_blank"
          >
            Express
          </a>
        </li>
        <li>
          <a
            href="https://mongoosejs.com/docs/api.html"
            rel="noopener noreferrer"
            target="_blank"
          >
            Mongoose
          </a>
        </li>
        <li>
          <a
            href="https://www.mongodb.com/docs/manual/introduction/"
            rel="noopener noreferrer"
            target="_blank"
          >
            MongoDB
          </a>
        </li>
        <li>
          <a
            href="https://www.typescriptlang.org/"
            rel="noopener noreferrer"
            target="_blank"
          >
            Typescript
          </a>
        </li>
        <li>
          <a
            href="https://reactjs.org/"
            rel="noopener noreferrer"
            target="_blank"
          >
            React.js
          </a>
        </li>
        <li>
          <a
            href="https://reactjs.org/docs/hooks-intro.html"
            rel="noopener noreferrer"
            target="_blank"
          >
            React Hooks
          </a>
        </li>
        <li>
          <a
            href="https://reactjs.org/docs/context.html"
            rel="noopener noreferrer"
            target="_blank"
          >
            Context API
          </a>
        </li>
        <li>
          <a
            href="https://testing-library.com/docs/react-testing-library/intro/"
            rel="noopener noreferrer"
            target="_blank"
          >
            React Testing Library
          </a>
        </li>
        <li>
          <a
            href="https://jestjs.io/"
            rel="noopener noreferrer"
            target="_blank"
          >
            Jest
          </a>
        </li>
        <li>
          <a
            href="https://developer.mozilla.org/en-US/docs/Web/Guide/HTML/HTML5"
            rel="noopener noreferrer"
            target="_blank"
          >
            HTML5
          </a>
        </li>
        <li>
          <a
            href="https://www.w3.org/TR/selectors-3/"
            rel="noopener noreferrer"
            target="_blank"
          >
            CSS3
          </a>
        </li>
        <li>
          <a
            href="https://sass-lang.com/"
            rel="noopener noreferrer"
            target="_blank"
          >
            SASS
          </a>
        </li>
        <li>
          <a
            href="https://www.tutorialspoint.com/restful/index.htm/"
            rel="noopener noreferrer"
            target="_blank"
          >
            REST API
          </a>
        </li>
        <li>
          <a
            href="https://graphql.org/"
            rel="noopener noreferrer"
            target="_blank"
          >
            GraphQL
          </a>
        </li>
      </ul>
    </div>
    <div>
      <span>
        Source Code:
      </span>
      <ul>
        <li>
          <a
            href="https://github.com/lojito/tic-tac-toe"
            rel="noopener noreferrer"
            target="_blank"
          >
            https://github.com/lojito/tic-tac-toe
          </a>
        </li>
      </ul>
    </div>
    <span>
      Other projects:
    </span>
    <ul>
      <li>
        <a
          href="https://github.com/lojito/angular-puzzle"
          rel="noopener noreferrer"
          target="_blank"
        >
          Puzzle (Angular)
        </a>
      </li>
      <li>
        <a
          href="https://github.com/lojito/matching-pairs"
          rel="noopener noreferrer"
          target="_blank"
        >
          Matching pairs (Vue.js)
        </a>
      </li>
      <li>
        <a
          href="https://github.com/lojito/django-tic-tac-toe"
          rel="noopener noreferrer"
          target="_blank"
        >
          Tic-tac-toe 4x4 (Django)
        </a>
      </li>
      <li>
        <a
          href="https://github.com/lojito/python-tic-tac-toe"
          rel="noopener noreferrer"
          target="_blank"
        >
          Tic-tac-toe (Python)
        </a>
      </li>
      <li>
        <a
          href="https://github.com/lojito/baseconverter"
          rel="noopener noreferrer"
          target="_blank"
        >
          Base converter (Rust)
        </a>
      </li>
      <li>
        <a
          href="https://github.com/lojito/c_champions_league"
          rel="noopener noreferrer"
          target="_blank"
        >
          In-memory database engine (C)
        </a>
      </li>
      <li>
        <a
          href="https://github.com/lojito/assembly-bubble-sort"
          rel="noopener noreferrer"
          target="_blank"
        >
          Bubble sort sorting algorithm (Assembly)
        </a>
      </li>
    </ul>
  </div>
</DocumentFragment>
`;
